package foo

//go:generate oapi-codegen -config config.yaml https://raw.githubusercontent.com/Foo/Foo/refs/tags/v1.2.3/src/Foo.Api.V1/openapi.json
